// Jest Snapshot v1, https://goo.gl/fbAQLP

exports[`SearchResults renders correctly 1`] = `
<DocumentFragment>
  <p
    class="SearchResults__error"
  >
    No results found...
  </p>
</DocumentFragment>
`;
